..................................................
..................................................
..................................................
..................................................
..................................................
..................................................
..................................................
..................................................
..................................................
..................................................
..................##.#............................
..................####....###..........#.#........
#...##.......###...###.#..##...##.#..#.#.#.####...
#.#..####.###.###...##.#..####..#.########.#.##...
###.###.#.#######....#######....#####.###########.
###.###.##..###.#..#..####.#..#..####..##########.
##########....###..##########.#...####...#.####.#.
#..#.####.##.###....#.#.#..##.###.######.##.###.##
#..#....###.####...##.#############.####.##..#..##
#..#...########....######.############.#..########
###############..##..######.###.#####.##.#########
#.###.##..##.#..###...#....######.#.###.####.#####
####..###.##.##.####..####..###.#.#.#...#.####.#.#
###.##.#######.######.######....###.#####...#..###
######.#.#.########.###.#.##......##.##.#####.####
#.####.....#.##########.#.######...#...######.##.#
#####......#.####.#.#########.##.######.####.###.#
.#.####.##.#..######..##.###..#.#####.#.##..#.##.#
####.#####.#...#..#####..#..#####.###.#.######.#.#
.###.#################.....######.#####.#...##.#.#
.#.###.###.##.#.##.####...#.######.#######.##.####
###.####.####....###..########.#.#..#######.######
#.#.######.######.##.##.#..#..##.#...#########..#.
########..#####.###.######.#..#######.##..#######.
.####.###.##.##.#############..#.###..##..##.#####
.#########.#.##...#.###..#####.########..###..####
.##...####.###...#..#######################...##..
#.#....###.##..#.##.####..#.########..#...###.####
#.#.#..##.########..#######.##.##########..####...
#########.##.#######..#####.#.##.##.##..########.#
